INFO:     Started server process [8497]
INFO:     Waiting for application startup.
INFO:     Application startup complete.
INFO:     Uvicorn running on http://127.0.0.1:8000 (Press CTRL+C to quit)
INFO:     127.0.0.1:58944 - "GET /api/crm/client/1/360 HTTP/1.1" 200 OK
INFO:     127.0.0.1:38406 - "GET /api/crm/dashboard HTTP/1.1" 200 OK
INFO:     127.0.0.1:38420 - "GET /api/crm/dashboard HTTP/1.1" 200 OK
INFO:     127.0.0.1:38406 - "GET /api/crm/callbacks HTTP/1.1" 200 OK
INFO:     127.0.0.1:38406 - "GET /api/crm/callbacks HTTP/1.1" 200 OK
INFO:     127.0.0.1:38406 - "GET /api/crm/tickets HTTP/1.1" 200 OK
INFO:     127.0.0.1:38420 - "GET /api/crm/tickets HTTP/1.1" 200 OK
INFO:     127.0.0.1:33602 - "GET /api/crm/leads HTTP/1.1" 200 OK
INFO:     127.0.0.1:33606 - "GET /api/crm/leads HTTP/1.1" 200 OK
INFO:     127.0.0.1:33846 - "GET /api/crm/team?range=month HTTP/1.1" 500 Internal Server Error
ERROR:    Exception in ASGI application
Traceback (most recent call last):
  File "/home/damnart/Documents/ChatBot_ITC/backend/venv/lib/python3.12/site-packages/sqlalchemy/engine/base.py", line 1969, in _exec_single_context
    self.dialect.do_execute(
  File "/home/damnart/Documents/ChatBot_ITC/backend/venv/lib/python3.12/site-packages/sqlalchemy/engine/default.py", line 952, in do_execute
    cursor.execute(statement, parameters)
psycopg2.errors.UndefinedColumn: column team_members.is_active does not exist
LINE 1: ...all_performance AS team_members_call_performance, team_membe...
                                                             ^


The above exception was the direct cause of the following exception:

Traceback (most recent call last):
  File "/home/damnart/Documents/ChatBot_ITC/backend/venv/lib/python3.12/site-packages/uvicorn/protocols/http/h11_impl.py", line 416, in run_asgi
    result = await app(  # type: ignore[func-returns-value]
             ^^^^^^^^^^^^^^^^^^^^^^^^^^^^^^^^^^^^^^^^^^^^^^
  File "/home/damnart/Documents/ChatBot_ITC/backend/venv/lib/python3.12/site-packages/uvicorn/middleware/proxy_headers.py", line 63, in __call__
    return await self.app(scope, receive, send)
           ^^^^^^^^^^^^^^^^^^^^^^^^^^^^^^^^^^^^
  File "/home/damnart/Documents/ChatBot_ITC/backend/venv/lib/python3.12/site-packages/fastapi/applications.py", line 1163, in __call__
    await super().__call__(scope, receive, send)
  File "/home/damnart/Documents/ChatBot_ITC/backend/venv/lib/python3.12/site-packages/starlette/applications.py", line 90, in __call__
    await self.middleware_stack(scope, receive, send)
  File "/home/damnart/Documents/ChatBot_ITC/backend/venv/lib/python3.12/site-packages/starlette/middleware/errors.py", line 186, in __call__
    raise exc
  File "/home/damnart/Documents/ChatBot_ITC/backend/venv/lib/python3.12/site-packages/starlette/middleware/errors.py", line 164, in __call__
    await self.app(scope, receive, _send)
  File "/home/damnart/Documents/ChatBot_ITC/backend/venv/lib/python3.12/site-packages/starlette/middleware/cors.py", line 96, in __call__
    await self.simple_response(scope, receive, send, request_headers=headers)
  File "/home/damnart/Documents/ChatBot_ITC/backend/venv/lib/python3.12/site-packages/starlette/middleware/cors.py", line 154, in simple_response
    await self.app(scope, receive, send)
  File "/home/damnart/Documents/ChatBot_ITC/backend/venv/lib/python3.12/site-packages/starlette/middleware/exceptions.py", line 63, in __call__
    await wrap_app_handling_exceptions(self.app, conn)(scope, receive, send)
  File "/home/damnart/Documents/ChatBot_ITC/backend/venv/lib/python3.12/site-packages/starlette/_exception_handler.py", line 53, in wrapped_app
    raise exc
  File "/home/damnart/Documents/ChatBot_ITC/backend/venv/lib/python3.12/site-packages/starlette/_exception_handler.py", line 42, in wrapped_app
    await app(scope, receive, sender)
  File "/home/damnart/Documents/ChatBot_ITC/backend/venv/lib/python3.12/site-packages/fastapi/middleware/asyncexitstack.py", line 18, in __call__
    await self.app(scope, receive, send)
  File "/home/damnart/Documents/ChatBot_ITC/backend/venv/lib/python3.12/site-packages/starlette/routing.py", line 660, in __call__
    await self.middleware_stack(scope, receive, send)
  File "/home/damnart/Documents/ChatBot_ITC/backend/venv/lib/python3.12/site-packages/fastapi/routing.py", line 2734, in app
    await route.handle(scope, receive, send)
  File "/home/damnart/Documents/ChatBot_ITC/backend/venv/lib/python3.12/site-packages/fastapi/routing.py", line 1780, in handle
    await self.original_router.handle(scope, receive, send)
  File "/home/damnart/Documents/ChatBot_ITC/backend/venv/lib/python3.12/site-packages/fastapi/routing.py", line 2789, in handle
    await included_router._handle_selected(scope, receive, send)
  File "/home/damnart/Documents/ChatBot_ITC/backend/venv/lib/python3.12/site-packages/fastapi/routing.py", line 1800, in _handle_selected
    await original_route.handle(scope, receive, send)
  File "/home/damnart/Documents/ChatBot_ITC/backend/venv/lib/python3.12/site-packages/fastapi/routing.py", line 1279, in handle
    await app(scope, receive, send)
  File "/home/damnart/Documents/ChatBot_ITC/backend/venv/lib/python3.12/site-packages/fastapi/routing.py", line 158, in app
    await wrap_app_handling_exceptions(app, request)(scope, receive, send)
  File "/home/damnart/Documents/ChatBot_ITC/backend/venv/lib/python3.12/site-packages/starlette/_exception_handler.py", line 53, in wrapped_app
    raise exc
  File "/home/damnart/Documents/ChatBot_ITC/backend/venv/lib/python3.12/site-packages/starlette/_exception_handler.py", line 42, in wrapped_app
    await app(scope, receive, sender)
  File "/home/damnart/Documents/ChatBot_ITC/backend/venv/lib/python3.12/site-packages/fastapi/routing.py", line 144, in app
    response = await f(request)
               ^^^^^^^^^^^^^^^^
  File "/home/damnart/Documents/ChatBot_ITC/backend/venv/lib/python3.12/site-packages/fastapi/routing.py", line 706, in app
    raw_response = await run_endpoint_function(
                   ^^^^^^^^^^^^^^^^^^^^^^^^^^^^
  File "/home/damnart/Documents/ChatBot_ITC/backend/venv/lib/python3.12/site-packages/fastapi/routing.py", line 354, in run_endpoint_function
    return await run_in_threadpool(dependant.call, **values)
           ^^^^^^^^^^^^^^^^^^^^^^^^^^^^^^^^^^^^^^^^^^^^^^^^^
  File "/home/damnart/Documents/ChatBot_ITC/backend/venv/lib/python3.12/site-packages/starlette/concurrency.py", line 34, in run_in_threadpool
    return await anyio.to_thread.run_sync(func)
           ^^^^^^^^^^^^^^^^^^^^^^^^^^^^^^^^^^^^
  File "/home/damnart/Documents/ChatBot_ITC/backend/venv/lib/python3.12/site-packages/anyio/to_thread.py", line 65, in run_sync
    return await get_async_backend().run_sync_in_worker_thread(
           ^^^^^^^^^^^^^^^^^^^^^^^^^^^^^^^^^^^^^^^^^^^^^^^^^^^^
  File "/home/damnart/Documents/ChatBot_ITC/backend/venv/lib/python3.12/site-packages/anyio/_backends/_asyncio.py", line 2641, in run_sync_in_worker_thread
    return await future
           ^^^^^^^^^^^^
  File "/home/damnart/Documents/ChatBot_ITC/backend/venv/lib/python3.12/site-packages/anyio/_backends/_asyncio.py", line 1033, in run
    result = context.run(func, *args)
             ^^^^^^^^^^^^^^^^^^^^^^^^
  File "/home/damnart/Documents/ChatBot_ITC/crm_design/backend/api.py", line 156, in get_team
    team = db.query(TeamMember).all()
           ^^^^^^^^^^^^^^^^^^^^^^^^^^
  File "/home/damnart/Documents/ChatBot_ITC/backend/venv/lib/python3.12/site-packages/sqlalchemy/orm/query.py", line 2711, in all
    return self._iter().all()  # type: ignore
           ^^^^^^^^^^^^
  File "/home/damnart/Documents/ChatBot_ITC/backend/venv/lib/python3.12/site-packages/sqlalchemy/orm/query.py", line 2864, in _iter
    result: Union[ScalarResult[_T], Result[_T]] = self.session.execute(
                                                  ^^^^^^^^^^^^^^^^^^^^^
  File "/home/damnart/Documents/ChatBot_ITC/backend/venv/lib/python3.12/site-packages/sqlalchemy/orm/session.py", line 2373, in execute
    return self._execute_internal(
           ^^^^^^^^^^^^^^^^^^^^^^^
  File "/home/damnart/Documents/ChatBot_ITC/backend/venv/lib/python3.12/site-packages/sqlalchemy/orm/session.py", line 2271, in _execute_internal
    result: Result[Any] = compile_state_cls.orm_execute_statement(
                          ^^^^^^^^^^^^^^^^^^^^^^^^^^^^^^^^^^^^^^^^
  File "/home/damnart/Documents/ChatBot_ITC/backend/venv/lib/python3.12/site-packages/sqlalchemy/orm/context.py", line 306, in orm_execute_statement
    result = conn.execute(
             ^^^^^^^^^^^^^
  File "/home/damnart/Documents/ChatBot_ITC/backend/venv/lib/python3.12/site-packages/sqlalchemy/engine/base.py", line 1421, in execute
    return meth(
           ^^^^^
  File "/home/damnart/Documents/ChatBot_ITC/backend/venv/lib/python3.12/site-packages/sqlalchemy/sql/elements.py", line 526, in _execute_on_connection
    return connection._execute_clauseelement(
           ^^^^^^^^^^^^^^^^^^^^^^^^^^^^^^^^^^
  File "/home/damnart/Documents/ChatBot_ITC/backend/venv/lib/python3.12/site-packages/sqlalchemy/engine/base.py", line 1643, in _execute_clauseelement
    ret = self._execute_context(
          ^^^^^^^^^^^^^^^^^^^^^^
  File "/home/damnart/Documents/ChatBot_ITC/backend/venv/lib/python3.12/site-packages/sqlalchemy/engine/base.py", line 1848, in _execute_context
    return self._exec_single_context(
           ^^^^^^^^^^^^^^^^^^^^^^^^^^
  File "/home/damnart/Documents/ChatBot_ITC/backend/venv/lib/python3.12/site-packages/sqlalchemy/engine/base.py", line 1988, in _exec_single_context
    self._handle_dbapi_exception(
  File "/home/damnart/Documents/ChatBot_ITC/backend/venv/lib/python3.12/site-packages/sqlalchemy/engine/base.py", line 2365, in _handle_dbapi_exception
    raise sqlalchemy_exception.with_traceback(exc_info[2]) from e
  File "/home/damnart/Documents/ChatBot_ITC/backend/venv/lib/python3.12/site-packages/sqlalchemy/engine/base.py", line 1969, in _exec_single_context
    self.dialect.do_execute(
  File "/home/damnart/Documents/ChatBot_ITC/backend/venv/lib/python3.12/site-packages/sqlalchemy/engine/default.py", line 952, in do_execute
    cursor.execute(statement, parameters)
sqlalchemy.exc.ProgrammingError: (psycopg2.errors.UndefinedColumn) column team_members.is_active does not exist
LINE 1: ...all_performance AS team_members_call_performance, team_membe...
                                                             ^

[SQL: SELECT team_members.id AS team_members_id, team_members.name AS team_members_name, team_members.role AS team_members_role, team_members.service_desk AS team_members_service_desk, team_members.escalation_level AS team_members_escalation_level, team_members.call_performance AS team_members_call_performance, team_members.is_active AS team_members_is_active, team_members.created_at AS team_members_created_at 
FROM team_members]
(Background on this error at: https://sqlalche.me/e/20/f405)
INFO:     127.0.0.1:33834 - "GET /api/crm/team?range=month HTTP/1.1" 500 Internal Server Error
ERROR:    Exception in ASGI application
Traceback (most recent call last):
  File "/home/damnart/Documents/ChatBot_ITC/backend/venv/lib/python3.12/site-packages/sqlalchemy/engine/base.py", line 1969, in _exec_single_context
    self.dialect.do_execute(
  File "/home/damnart/Documents/ChatBot_ITC/backend/venv/lib/python3.12/site-packages/sqlalchemy/engine/default.py", line 952, in do_execute
    cursor.execute(statement, parameters)
psycopg2.errors.UndefinedColumn: column team_members.is_active does not exist
LINE 1: ...all_performance AS team_members_call_performance, team_membe...
                                                             ^


The above exception was the direct cause of the following exception:

Traceback (most recent call last):
  File "/home/damnart/Documents/ChatBot_ITC/backend/venv/lib/python3.12/site-packages/uvicorn/protocols/http/h11_impl.py", line 416, in run_asgi
    result = await app(  # type: ignore[func-returns-value]
             ^^^^^^^^^^^^^^^^^^^^^^^^^^^^^^^^^^^^^^^^^^^^^^
  File "/home/damnart/Documents/ChatBot_ITC/backend/venv/lib/python3.12/site-packages/uvicorn/middleware/proxy_headers.py", line 63, in __call__
    return await self.app(scope, receive, send)
           ^^^^^^^^^^^^^^^^^^^^^^^^^^^^^^^^^^^^
  File "/home/damnart/Documents/ChatBot_ITC/backend/venv/lib/python3.12/site-packages/fastapi/applications.py", line 1163, in __call__
    await super().__call__(scope, receive, send)
  File "/home/damnart/Documents/ChatBot_ITC/backend/venv/lib/python3.12/site-packages/starlette/applications.py", line 90, in __call__
    await self.middleware_stack(scope, receive, send)
  File "/home/damnart/Documents/ChatBot_ITC/backend/venv/lib/python3.12/site-packages/starlette/middleware/errors.py", line 186, in __call__
    raise exc
  File "/home/damnart/Documents/ChatBot_ITC/backend/venv/lib/python3.12/site-packages/starlette/middleware/errors.py", line 164, in __call__
    await self.app(scope, receive, _send)
  File "/home/damnart/Documents/ChatBot_ITC/backend/venv/lib/python3.12/site-packages/starlette/middleware/cors.py", line 96, in __call__
    await self.simple_response(scope, receive, send, request_headers=headers)
  File "/home/damnart/Documents/ChatBot_ITC/backend/venv/lib/python3.12/site-packages/starlette/middleware/cors.py", line 154, in simple_response
    await self.app(scope, receive, send)
  File "/home/damnart/Documents/ChatBot_ITC/backend/venv/lib/python3.12/site-packages/starlette/middleware/exceptions.py", line 63, in __call__
    await wrap_app_handling_exceptions(self.app, conn)(scope, receive, send)
  File "/home/damnart/Documents/ChatBot_ITC/backend/venv/lib/python3.12/site-packages/starlette/_exception_handler.py", line 53, in wrapped_app
    raise exc
  File "/home/damnart/Documents/ChatBot_ITC/backend/venv/lib/python3.12/site-packages/starlette/_exception_handler.py", line 42, in wrapped_app
    await app(scope, receive, sender)
  File "/home/damnart/Documents/ChatBot_ITC/backend/venv/lib/python3.12/site-packages/fastapi/middleware/asyncexitstack.py", line 18, in __call__
    await self.app(scope, receive, send)
  File "/home/damnart/Documents/ChatBot_ITC/backend/venv/lib/python3.12/site-packages/starlette/routing.py", line 660, in __call__
    await self.middleware_stack(scope, receive, send)
  File "/home/damnart/Documents/ChatBot_ITC/backend/venv/lib/python3.12/site-packages/fastapi/routing.py", line 2734, in app
    await route.handle(scope, receive, send)
  File "/home/damnart/Documents/ChatBot_ITC/backend/venv/lib/python3.12/site-packages/fastapi/routing.py", line 1780, in handle
    await self.original_router.handle(scope, receive, send)
  File "/home/damnart/Documents/ChatBot_ITC/backend/venv/lib/python3.12/site-packages/fastapi/routing.py", line 2789, in handle
    await included_router._handle_selected(scope, receive, send)
  File "/home/damnart/Documents/ChatBot_ITC/backend/venv/lib/python3.12/site-packages/fastapi/routing.py", line 1800, in _handle_selected
    await original_route.handle(scope, receive, send)
  File "/home/damnart/Documents/ChatBot_ITC/backend/venv/lib/python3.12/site-packages/fastapi/routing.py", line 1279, in handle
    await app(scope, receive, send)
  File "/home/damnart/Documents/ChatBot_ITC/backend/venv/lib/python3.12/site-packages/fastapi/routing.py", line 158, in app
    await wrap_app_handling_exceptions(app, request)(scope, receive, send)
  File "/home/damnart/Documents/ChatBot_ITC/backend/venv/lib/python3.12/site-packages/starlette/_exception_handler.py", line 53, in wrapped_app
    raise exc
  File "/home/damnart/Documents/ChatBot_ITC/backend/venv/lib/python3.12/site-packages/starlette/_exception_handler.py", line 42, in wrapped_app
    await app(scope, receive, sender)
  File "/home/damnart/Documents/ChatBot_ITC/backend/venv/lib/python3.12/site-packages/fastapi/routing.py", line 144, in app
    response = await f(request)
               ^^^^^^^^^^^^^^^^
  File "/home/damnart/Documents/ChatBot_ITC/backend/venv/lib/python3.12/site-packages/fastapi/routing.py", line 706, in app
    raw_response = await run_endpoint_function(
                   ^^^^^^^^^^^^^^^^^^^^^^^^^^^^
  File "/home/damnart/Documents/ChatBot_ITC/backend/venv/lib/python3.12/site-packages/fastapi/routing.py", line 354, in run_endpoint_function
    return await run_in_threadpool(dependant.call, **values)
           ^^^^^^^^^^^^^^^^^^^^^^^^^^^^^^^^^^^^^^^^^^^^^^^^^
  File "/home/damnart/Documents/ChatBot_ITC/backend/venv/lib/python3.12/site-packages/starlette/concurrency.py", line 34, in run_in_threadpool
    return await anyio.to_thread.run_sync(func)
           ^^^^^^^^^^^^^^^^^^^^^^^^^^^^^^^^^^^^
  File "/home/damnart/Documents/ChatBot_ITC/backend/venv/lib/python3.12/site-packages/anyio/to_thread.py", line 65, in run_sync
    return await get_async_backend().run_sync_in_worker_thread(
           ^^^^^^^^^^^^^^^^^^^^^^^^^^^^^^^^^^^^^^^^^^^^^^^^^^^^
  File "/home/damnart/Documents/ChatBot_ITC/backend/venv/lib/python3.12/site-packages/anyio/_backends/_asyncio.py", line 2641, in run_sync_in_worker_thread
    return await future
           ^^^^^^^^^^^^
  File "/home/damnart/Documents/ChatBot_ITC/backend/venv/lib/python3.12/site-packages/anyio/_backends/_asyncio.py", line 1033, in run
    result = context.run(func, *args)
             ^^^^^^^^^^^^^^^^^^^^^^^^
  File "/home/damnart/Documents/ChatBot_ITC/crm_design/backend/api.py", line 156, in get_team
    team = db.query(TeamMember).all()
           ^^^^^^^^^^^^^^^^^^^^^^^^^^
  File "/home/damnart/Documents/ChatBot_ITC/backend/venv/lib/python3.12/site-packages/sqlalchemy/orm/query.py", line 2711, in all
    return self._iter().all()  # type: ignore
           ^^^^^^^^^^^^
  File "/home/damnart/Documents/ChatBot_ITC/backend/venv/lib/python3.12/site-packages/sqlalchemy/orm/query.py", line 2864, in _iter
    result: Union[ScalarResult[_T], Result[_T]] = self.session.execute(
                                                  ^^^^^^^^^^^^^^^^^^^^^
  File "/home/damnart/Documents/ChatBot_ITC/backend/venv/lib/python3.12/site-packages/sqlalchemy/orm/session.py", line 2373, in execute
    return self._execute_internal(
           ^^^^^^^^^^^^^^^^^^^^^^^
  File "/home/damnart/Documents/ChatBot_ITC/backend/venv/lib/python3.12/site-packages/sqlalchemy/orm/session.py", line 2271, in _execute_internal
    result: Result[Any] = compile_state_cls.orm_execute_statement(
                          ^^^^^^^^^^^^^^^^^^^^^^^^^^^^^^^^^^^^^^^^
  File "/home/damnart/Documents/ChatBot_ITC/backend/venv/lib/python3.12/site-packages/sqlalchemy/orm/context.py", line 306, in orm_execute_statement
    result = conn.execute(
             ^^^^^^^^^^^^^
  File "/home/damnart/Documents/ChatBot_ITC/backend/venv/lib/python3.12/site-packages/sqlalchemy/engine/base.py", line 1421, in execute
    return meth(
           ^^^^^
  File "/home/damnart/Documents/ChatBot_ITC/backend/venv/lib/python3.12/site-packages/sqlalchemy/sql/elements.py", line 526, in _execute_on_connection
    return connection._execute_clauseelement(
           ^^^^^^^^^^^^^^^^^^^^^^^^^^^^^^^^^^
  File "/home/damnart/Documents/ChatBot_ITC/backend/venv/lib/python3.12/site-packages/sqlalchemy/engine/base.py", line 1643, in _execute_clauseelement
    ret = self._execute_context(
          ^^^^^^^^^^^^^^^^^^^^^^
  File "/home/damnart/Documents/ChatBot_ITC/backend/venv/lib/python3.12/site-packages/sqlalchemy/engine/base.py", line 1848, in _execute_context
    return self._exec_single_context(
           ^^^^^^^^^^^^^^^^^^^^^^^^^^
  File "/home/damnart/Documents/ChatBot_ITC/backend/venv/lib/python3.12/site-packages/sqlalchemy/engine/base.py", line 1988, in _exec_single_context
    self._handle_dbapi_exception(
  File "/home/damnart/Documents/ChatBot_ITC/backend/venv/lib/python3.12/site-packages/sqlalchemy/engine/base.py", line 2365, in _handle_dbapi_exception
    raise sqlalchemy_exception.with_traceback(exc_info[2]) from e
  File "/home/damnart/Documents/ChatBot_ITC/backend/venv/lib/python3.12/site-packages/sqlalchemy/engine/base.py", line 1969, in _exec_single_context
    self.dialect.do_execute(
  File "/home/damnart/Documents/ChatBot_ITC/backend/venv/lib/python3.12/site-packages/sqlalchemy/engine/default.py", line 952, in do_execute
    cursor.execute(statement, parameters)
sqlalchemy.exc.ProgrammingError: (psycopg2.errors.UndefinedColumn) column team_members.is_active does not exist
LINE 1: ...all_performance AS team_members_call_performance, team_membe...
                                                             ^

[SQL: SELECT team_members.id AS team_members_id, team_members.name AS team_members_name, team_members.role AS team_members_role, team_members.service_desk AS team_members_service_desk, team_members.escalation_level AS team_members_escalation_level, team_members.call_performance AS team_members_call_performance, team_members.is_active AS team_members_is_active, team_members.created_at AS team_members_created_at 
FROM team_members]
(Background on this error at: https://sqlalche.me/e/20/f405)
INFO:     127.0.0.1:36860 - "GET /api/crm/clients HTTP/1.1" 200 OK
INFO:     127.0.0.1:36872 - "GET /api/crm/clients HTTP/1.1" 200 OK
INFO:     127.0.0.1:36860 - "GET /api/crm/client/1/360 HTTP/1.1" 200 OK
INFO:     127.0.0.1:52708 - "GET /api/crm/team?range=month HTTP/1.1" 500 Internal Server Error
ERROR:    Exception in ASGI application
Traceback (most recent call last):
  File "/home/damnart/Documents/ChatBot_ITC/backend/venv/lib/python3.12/site-packages/sqlalchemy/engine/base.py", line 1969, in _exec_single_context
    self.dialect.do_execute(
  File "/home/damnart/Documents/ChatBot_ITC/backend/venv/lib/python3.12/site-packages/sqlalchemy/engine/default.py", line 952, in do_execute
    cursor.execute(statement, parameters)
psycopg2.errors.UndefinedColumn: column team_members.is_active does not exist
LINE 1: ...all_performance AS team_members_call_performance, team_membe...
                                                             ^


The above exception was the direct cause of the following exception:

Traceback (most recent call last):
  File "/home/damnart/Documents/ChatBot_ITC/backend/venv/lib/python3.12/site-packages/uvicorn/protocols/http/h11_impl.py", line 416, in run_asgi
    result = await app(  # type: ignore[func-returns-value]
             ^^^^^^^^^^^^^^^^^^^^^^^^^^^^^^^^^^^^^^^^^^^^^^
  File "/home/damnart/Documents/ChatBot_ITC/backend/venv/lib/python3.12/site-packages/uvicorn/middleware/proxy_headers.py", line 63, in __call__
    return await self.app(scope, receive, send)
           ^^^^^^^^^^^^^^^^^^^^^^^^^^^^^^^^^^^^
  File "/home/damnart/Documents/ChatBot_ITC/backend/venv/lib/python3.12/site-packages/fastapi/applications.py", line 1163, in __call__
    await super().__call__(scope, receive, send)
  File "/home/damnart/Documents/ChatBot_ITC/backend/venv/lib/python3.12/site-packages/starlette/applications.py", line 90, in __call__
    await self.middleware_stack(scope, receive, send)
  File "/home/damnart/Documents/ChatBot_ITC/backend/venv/lib/python3.12/site-packages/starlette/middleware/errors.py", line 186, in __call__
    raise exc
  File "/home/damnart/Documents/ChatBot_ITC/backend/venv/lib/python3.12/site-packages/starlette/middleware/errors.py", line 164, in __call__
    await self.app(scope, receive, _send)
  File "/home/damnart/Documents/ChatBot_ITC/backend/venv/lib/python3.12/site-packages/starlette/middleware/cors.py", line 96, in __call__
    await self.simple_response(scope, receive, send, request_headers=headers)
  File "/home/damnart/Documents/ChatBot_ITC/backend/venv/lib/python3.12/site-packages/starlette/middleware/cors.py", line 154, in simple_response
    await self.app(scope, receive, send)
  File "/home/damnart/Documents/ChatBot_ITC/backend/venv/lib/python3.12/site-packages/starlette/middleware/exceptions.py", line 63, in __call__
    await wrap_app_handling_exceptions(self.app, conn)(scope, receive, send)
  File "/home/damnart/Documents/ChatBot_ITC/backend/venv/lib/python3.12/site-packages/starlette/_exception_handler.py", line 53, in wrapped_app
    raise exc
  File "/home/damnart/Documents/ChatBot_ITC/backend/venv/lib/python3.12/site-packages/starlette/_exception_handler.py", line 42, in wrapped_app
    await app(scope, receive, sender)
  File "/home/damnart/Documents/ChatBot_ITC/backend/venv/lib/python3.12/site-packages/fastapi/middleware/asyncexitstack.py", line 18, in __call__
    await self.app(scope, receive, send)
  File "/home/damnart/Documents/ChatBot_ITC/backend/venv/lib/python3.12/site-packages/starlette/routing.py", line 660, in __call__
    await self.middleware_stack(scope, receive, send)
  File "/home/damnart/Documents/ChatBot_ITC/backend/venv/lib/python3.12/site-packages/fastapi/routing.py", line 2734, in app
    await route.handle(scope, receive, send)
  File "/home/damnart/Documents/ChatBot_ITC/backend/venv/lib/python3.12/site-packages/fastapi/routing.py", line 1780, in handle
    await self.original_router.handle(scope, receive, send)
  File "/home/damnart/Documents/ChatBot_ITC/backend/venv/lib/python3.12/site-packages/fastapi/routing.py", line 2789, in handle
    await included_router._handle_selected(scope, receive, send)
  File "/home/damnart/Documents/ChatBot_ITC/backend/venv/lib/python3.12/site-packages/fastapi/routing.py", line 1800, in _handle_selected
    await original_route.handle(scope, receive, send)
  File "/home/damnart/Documents/ChatBot_ITC/backend/venv/lib/python3.12/site-packages/fastapi/routing.py", line 1279, in handle
    await app(scope, receive, send)
  File "/home/damnart/Documents/ChatBot_ITC/backend/venv/lib/python3.12/site-packages/fastapi/routing.py", line 158, in app
    await wrap_app_handling_exceptions(app, request)(scope, receive, send)
  File "/home/damnart/Documents/ChatBot_ITC/backend/venv/lib/python3.12/site-packages/starlette/_exception_handler.py", line 53, in wrapped_app
    raise exc
  File "/home/damnart/Documents/ChatBot_ITC/backend/venv/lib/python3.12/site-packages/starlette/_exception_handler.py", line 42, in wrapped_app
    await app(scope, receive, sender)
  File "/home/damnart/Documents/ChatBot_ITC/backend/venv/lib/python3.12/site-packages/fastapi/routing.py", line 144, in app
    response = await f(request)
               ^^^^^^^^^^^^^^^^
  File "/home/damnart/Documents/ChatBot_ITC/backend/venv/lib/python3.12/site-packages/fastapi/routing.py", line 706, in app
    raw_response = await run_endpoint_function(
                   ^^^^^^^^^^^^^^^^^^^^^^^^^^^^
  File "/home/damnart/Documents/ChatBot_ITC/backend/venv/lib/python3.12/site-packages/fastapi/routing.py", line 354, in run_endpoint_function
    return await run_in_threadpool(dependant.call, **values)
           ^^^^^^^^^^^^^^^^^^^^^^^^^^^^^^^^^^^^^^^^^^^^^^^^^
  File "/home/damnart/Documents/ChatBot_ITC/backend/venv/lib/python3.12/site-packages/starlette/concurrency.py", line 34, in run_in_threadpool
    return await anyio.to_thread.run_sync(func)
           ^^^^^^^^^^^^^^^^^^^^^^^^^^^^^^^^^^^^
  File "/home/damnart/Documents/ChatBot_ITC/backend/venv/lib/python3.12/site-packages/anyio/to_thread.py", line 65, in run_sync
    return await get_async_backend().run_sync_in_worker_thread(
           ^^^^^^^^^^^^^^^^^^^^^^^^^^^^^^^^^^^^^^^^^^^^^^^^^^^^
  File "/home/damnart/Documents/ChatBot_ITC/backend/venv/lib/python3.12/site-packages/anyio/_backends/_asyncio.py", line 2641, in run_sync_in_worker_thread
    return await future
           ^^^^^^^^^^^^
  File "/home/damnart/Documents/ChatBot_ITC/backend/venv/lib/python3.12/site-packages/anyio/_backends/_asyncio.py", line 1033, in run
    result = context.run(func, *args)
             ^^^^^^^^^^^^^^^^^^^^^^^^
  File "/home/damnart/Documents/ChatBot_ITC/crm_design/backend/api.py", line 156, in get_team
    team = db.query(TeamMember).all()
           ^^^^^^^^^^^^^^^^^^^^^^^^^^
  File "/home/damnart/Documents/ChatBot_ITC/backend/venv/lib/python3.12/site-packages/sqlalchemy/orm/query.py", line 2711, in all
    return self._iter().all()  # type: ignore
           ^^^^^^^^^^^^
  File "/home/damnart/Documents/ChatBot_ITC/backend/venv/lib/python3.12/site-packages/sqlalchemy/orm/query.py", line 2864, in _iter
    result: Union[ScalarResult[_T], Result[_T]] = self.session.execute(
                                                  ^^^^^^^^^^^^^^^^^^^^^
  File "/home/damnart/Documents/ChatBot_ITC/backend/venv/lib/python3.12/site-packages/sqlalchemy/orm/session.py", line 2373, in execute
    return self._execute_internal(
           ^^^^^^^^^^^^^^^^^^^^^^^
  File "/home/damnart/Documents/ChatBot_ITC/backend/venv/lib/python3.12/site-packages/sqlalchemy/orm/session.py", line 2271, in _execute_internal
    result: Result[Any] = compile_state_cls.orm_execute_statement(
                          ^^^^^^^^^^^^^^^^^^^^^^^^^^^^^^^^^^^^^^^^
  File "/home/damnart/Documents/ChatBot_ITC/backend/venv/lib/python3.12/site-packages/sqlalchemy/orm/context.py", line 306, in orm_execute_statement
    result = conn.execute(
             ^^^^^^^^^^^^^
  File "/home/damnart/Documents/ChatBot_ITC/backend/venv/lib/python3.12/site-packages/sqlalchemy/engine/base.py", line 1421, in execute
    return meth(
           ^^^^^
  File "/home/damnart/Documents/ChatBot_ITC/backend/venv/lib/python3.12/site-packages/sqlalchemy/sql/elements.py", line 526, in _execute_on_connection
    return connection._execute_clauseelement(
           ^^^^^^^^^^^^^^^^^^^^^^^^^^^^^^^^^^
  File "/home/damnart/Documents/ChatBot_ITC/backend/venv/lib/python3.12/site-packages/sqlalchemy/engine/base.py", line 1643, in _execute_clauseelement
    ret = self._execute_context(
          ^^^^^^^^^^^^^^^^^^^^^^
  File "/home/damnart/Documents/ChatBot_ITC/backend/venv/lib/python3.12/site-packages/sqlalchemy/engine/base.py", line 1848, in _execute_context
    return self._exec_single_context(
           ^^^^^^^^^^^^^^^^^^^^^^^^^^
  File "/home/damnart/Documents/ChatBot_ITC/backend/venv/lib/python3.12/site-packages/sqlalchemy/engine/base.py", line 1988, in _exec_single_context
    self._handle_dbapi_exception(
  File "/home/damnart/Documents/ChatBot_ITC/backend/venv/lib/python3.12/site-packages/sqlalchemy/engine/base.py", line 2365, in _handle_dbapi_exception
    raise sqlalchemy_exception.with_traceback(exc_info[2]) from e
  File "/home/damnart/Documents/ChatBot_ITC/backend/venv/lib/python3.12/site-packages/sqlalchemy/engine/base.py", line 1969, in _exec_single_context
    self.dialect.do_execute(
  File "/home/damnart/Documents/ChatBot_ITC/backend/venv/lib/python3.12/site-packages/sqlalchemy/engine/default.py", line 952, in do_execute
    cursor.execute(statement, parameters)
sqlalchemy.exc.ProgrammingError: (psycopg2.errors.UndefinedColumn) column team_members.is_active does not exist
LINE 1: ...all_performance AS team_members_call_performance, team_membe...
                                                             ^

[SQL: SELECT team_members.id AS team_members_id, team_members.name AS team_members_name, team_members.role AS team_members_role, team_members.service_desk AS team_members_service_desk, team_members.escalation_level AS team_members_escalation_level, team_members.call_performance AS team_members_call_performance, team_members.is_active AS team_members_is_active, team_members.created_at AS team_members_created_at 
FROM team_members]
(Background on this error at: https://sqlalche.me/e/20/f405)
INFO:     127.0.0.1:52716 - "GET /api/crm/team?range=month HTTP/1.1" 500 Internal Server Error
ERROR:    Exception in ASGI application
Traceback (most recent call last):
  File "/home/damnart/Documents/ChatBot_ITC/backend/venv/lib/python3.12/site-packages/sqlalchemy/engine/base.py", line 1969, in _exec_single_context
    self.dialect.do_execute(
  File "/home/damnart/Documents/ChatBot_ITC/backend/venv/lib/python3.12/site-packages/sqlalchemy/engine/default.py", line 952, in do_execute
    cursor.execute(statement, parameters)
psycopg2.errors.UndefinedColumn: column team_members.is_active does not exist
LINE 1: ...all_performance AS team_members_call_performance, team_membe...
                                                             ^


The above exception was the direct cause of the following exception:

Traceback (most recent call last):
  File "/home/damnart/Documents/ChatBot_ITC/backend/venv/lib/python3.12/site-packages/uvicorn/protocols/http/h11_impl.py", line 416, in run_asgi
    result = await app(  # type: ignore[func-returns-value]
             ^^^^^^^^^^^^^^^^^^^^^^^^^^^^^^^^^^^^^^^^^^^^^^
  File "/home/damnart/Documents/ChatBot_ITC/backend/venv/lib/python3.12/site-packages/uvicorn/middleware/proxy_headers.py", line 63, in __call__
    return await self.app(scope, receive, send)
           ^^^^^^^^^^^^^^^^^^^^^^^^^^^^^^^^^^^^
  File "/home/damnart/Documents/ChatBot_ITC/backend/venv/lib/python3.12/site-packages/fastapi/applications.py", line 1163, in __call__
    await super().__call__(scope, receive, send)
  File "/home/damnart/Documents/ChatBot_ITC/backend/venv/lib/python3.12/site-packages/starlette/applications.py", line 90, in __call__
    await self.middleware_stack(scope, receive, send)
  File "/home/damnart/Documents/ChatBot_ITC/backend/venv/lib/python3.12/site-packages/starlette/middleware/errors.py", line 186, in __call__
    raise exc
  File "/home/damnart/Documents/ChatBot_ITC/backend/venv/lib/python3.12/site-packages/starlette/middleware/errors.py", line 164, in __call__
    await self.app(scope, receive, _send)
  File "/home/damnart/Documents/ChatBot_ITC/backend/venv/lib/python3.12/site-packages/starlette/middleware/cors.py", line 96, in __call__
    await self.simple_response(scope, receive, send, request_headers=headers)
  File "/home/damnart/Documents/ChatBot_ITC/backend/venv/lib/python3.12/site-packages/starlette/middleware/cors.py", line 154, in simple_response
    await self.app(scope, receive, send)
  File "/home/damnart/Documents/ChatBot_ITC/backend/venv/lib/python3.12/site-packages/starlette/middleware/exceptions.py", line 63, in __call__
    await wrap_app_handling_exceptions(self.app, conn)(scope, receive, send)
  File "/home/damnart/Documents/ChatBot_ITC/backend/venv/lib/python3.12/site-packages/starlette/_exception_handler.py", line 53, in wrapped_app
    raise exc
  File "/home/damnart/Documents/ChatBot_ITC/backend/venv/lib/python3.12/site-packages/starlette/_exception_handler.py", line 42, in wrapped_app
    await app(scope, receive, sender)
  File "/home/damnart/Documents/ChatBot_ITC/backend/venv/lib/python3.12/site-packages/fastapi/middleware/asyncexitstack.py", line 18, in __call__
    await self.app(scope, receive, send)
  File "/home/damnart/Documents/ChatBot_ITC/backend/venv/lib/python3.12/site-packages/starlette/routing.py", line 660, in __call__
    await self.middleware_stack(scope, receive, send)
  File "/home/damnart/Documents/ChatBot_ITC/backend/venv/lib/python3.12/site-packages/fastapi/routing.py", line 2734, in app
    await route.handle(scope, receive, send)
  File "/home/damnart/Documents/ChatBot_ITC/backend/venv/lib/python3.12/site-packages/fastapi/routing.py", line 1780, in handle
    await self.original_router.handle(scope, receive, send)
  File "/home/damnart/Documents/ChatBot_ITC/backend/venv/lib/python3.12/site-packages/fastapi/routing.py", line 2789, in handle
    await included_router._handle_selected(scope, receive, send)
  File "/home/damnart/Documents/ChatBot_ITC/backend/venv/lib/python3.12/site-packages/fastapi/routing.py", line 1800, in _handle_selected
    await original_route.handle(scope, receive, send)
  File "/home/damnart/Documents/ChatBot_ITC/backend/venv/lib/python3.12/site-packages/fastapi/routing.py", line 1279, in handle
    await app(scope, receive, send)
  File "/home/damnart/Documents/ChatBot_ITC/backend/venv/lib/python3.12/site-packages/fastapi/routing.py", line 158, in app
    await wrap_app_handling_exceptions(app, request)(scope, receive, send)
  File "/home/damnart/Documents/ChatBot_ITC/backend/venv/lib/python3.12/site-packages/starlette/_exception_handler.py", line 53, in wrapped_app
    raise exc
  File "/home/damnart/Documents/ChatBot_ITC/backend/venv/lib/python3.12/site-packages/starlette/_exception_handler.py", line 42, in wrapped_app
    await app(scope, receive, sender)
  File "/home/damnart/Documents/ChatBot_ITC/backend/venv/lib/python3.12/site-packages/fastapi/routing.py", line 144, in app
    response = await f(request)
               ^^^^^^^^^^^^^^^^
  File "/home/damnart/Documents/ChatBot_ITC/backend/venv/lib/python3.12/site-packages/fastapi/routing.py", line 706, in app
    raw_response = await run_endpoint_function(
                   ^^^^^^^^^^^^^^^^^^^^^^^^^^^^
  File "/home/damnart/Documents/ChatBot_ITC/backend/venv/lib/python3.12/site-packages/fastapi/routing.py", line 354, in run_endpoint_function
    return await run_in_threadpool(dependant.call, **values)
           ^^^^^^^^^^^^^^^^^^^^^^^^^^^^^^^^^^^^^^^^^^^^^^^^^
  File "/home/damnart/Documents/ChatBot_ITC/backend/venv/lib/python3.12/site-packages/starlette/concurrency.py", line 34, in run_in_threadpool
    return await anyio.to_thread.run_sync(func)
           ^^^^^^^^^^^^^^^^^^^^^^^^^^^^^^^^^^^^
  File "/home/damnart/Documents/ChatBot_ITC/backend/venv/lib/python3.12/site-packages/anyio/to_thread.py", line 65, in run_sync
    return await get_async_backend().run_sync_in_worker_thread(
           ^^^^^^^^^^^^^^^^^^^^^^^^^^^^^^^^^^^^^^^^^^^^^^^^^^^^
  File "/home/damnart/Documents/ChatBot_ITC/backend/venv/lib/python3.12/site-packages/anyio/_backends/_asyncio.py", line 2641, in run_sync_in_worker_thread
    return await future
           ^^^^^^^^^^^^
  File "/home/damnart/Documents/ChatBot_ITC/backend/venv/lib/python3.12/site-packages/anyio/_backends/_asyncio.py", line 1033, in run
    result = context.run(func, *args)
             ^^^^^^^^^^^^^^^^^^^^^^^^
  File "/home/damnart/Documents/ChatBot_ITC/crm_design/backend/api.py", line 156, in get_team
    team = db.query(TeamMember).all()
           ^^^^^^^^^^^^^^^^^^^^^^^^^^
  File "/home/damnart/Documents/ChatBot_ITC/backend/venv/lib/python3.12/site-packages/sqlalchemy/orm/query.py", line 2711, in all
    return self._iter().all()  # type: ignore
           ^^^^^^^^^^^^
  File "/home/damnart/Documents/ChatBot_ITC/backend/venv/lib/python3.12/site-packages/sqlalchemy/orm/query.py", line 2864, in _iter
    result: Union[ScalarResult[_T], Result[_T]] = self.session.execute(
                                                  ^^^^^^^^^^^^^^^^^^^^^
  File "/home/damnart/Documents/ChatBot_ITC/backend/venv/lib/python3.12/site-packages/sqlalchemy/orm/session.py", line 2373, in execute
    return self._execute_internal(
           ^^^^^^^^^^^^^^^^^^^^^^^
  File "/home/damnart/Documents/ChatBot_ITC/backend/venv/lib/python3.12/site-packages/sqlalchemy/orm/session.py", line 2271, in _execute_internal
    result: Result[Any] = compile_state_cls.orm_execute_statement(
                          ^^^^^^^^^^^^^^^^^^^^^^^^^^^^^^^^^^^^^^^^
  File "/home/damnart/Documents/ChatBot_ITC/backend/venv/lib/python3.12/site-packages/sqlalchemy/orm/context.py", line 306, in orm_execute_statement
    result = conn.execute(
             ^^^^^^^^^^^^^
  File "/home/damnart/Documents/ChatBot_ITC/backend/venv/lib/python3.12/site-packages/sqlalchemy/engine/base.py", line 1421, in execute
    return meth(
           ^^^^^
  File "/home/damnart/Documents/ChatBot_ITC/backend/venv/lib/python3.12/site-packages/sqlalchemy/sql/elements.py", line 526, in _execute_on_connection
    return connection._execute_clauseelement(
           ^^^^^^^^^^^^^^^^^^^^^^^^^^^^^^^^^^
  File "/home/damnart/Documents/ChatBot_ITC/backend/venv/lib/python3.12/site-packages/sqlalchemy/engine/base.py", line 1643, in _execute_clauseelement
    ret = self._execute_context(
          ^^^^^^^^^^^^^^^^^^^^^^
  File "/home/damnart/Documents/ChatBot_ITC/backend/venv/lib/python3.12/site-packages/sqlalchemy/engine/base.py", line 1848, in _execute_context
    return self._exec_single_context(
           ^^^^^^^^^^^^^^^^^^^^^^^^^^
  File "/home/damnart/Documents/ChatBot_ITC/backend/venv/lib/python3.12/site-packages/sqlalchemy/engine/base.py", line 1988, in _exec_single_context
    self._handle_dbapi_exception(
  File "/home/damnart/Documents/ChatBot_ITC/backend/venv/lib/python3.12/site-packages/sqlalchemy/engine/base.py", line 2365, in _handle_dbapi_exception
    raise sqlalchemy_exception.with_traceback(exc_info[2]) from e
  File "/home/damnart/Documents/ChatBot_ITC/backend/venv/lib/python3.12/site-packages/sqlalchemy/engine/base.py", line 1969, in _exec_single_context
    self.dialect.do_execute(
  File "/home/damnart/Documents/ChatBot_ITC/backend/venv/lib/python3.12/site-packages/sqlalchemy/engine/default.py", line 952, in do_execute
    cursor.execute(statement, parameters)
sqlalchemy.exc.ProgrammingError: (psycopg2.errors.UndefinedColumn) column team_members.is_active does not exist
LINE 1: ...all_performance AS team_members_call_performance, team_membe...
                                                             ^

[SQL: SELECT team_members.id AS team_members_id, team_members.name AS team_members_name, team_members.role AS team_members_role, team_members.service_desk AS team_members_service_desk, team_members.escalation_level AS team_members_escalation_level, team_members.call_performance AS team_members_call_performance, team_members.is_active AS team_members_is_active, team_members.created_at AS team_members_created_at 
FROM team_members]
(Background on this error at: https://sqlalche.me/e/20/f405)
